gpasm-0.13.7 beta               iorwf.asm   3-4-2015  05:17:48           PAGE  1


LOC  OBJECT CODE     LINE SOURCE TEXT
  VALUE
 
               00001 ;;;;;;; firstPicMicroView.asm ;;;;;;;;;;;;;;;;;;;;;;;;;;;;;;;;;;;;;;;;;;;;;;;;
               00002 ;
               00003 ;;;;;;; Program hierarchy ;;;;;;;;;;;;;;;;;;;;;;;;;;;;;;;;;;;;;;;;;;;;;;;;;;;;;
               00004 ;
               00005 ; Mainline
               00006 ;  
               00007 ;
               00008 ;;;;;;; Assembler directives ;;;;;;;;;;;;;;;;;;;;;;;;;;;;;;;;;;;;;;;;;;;;;;;;;;
               00009 
               00010         list  P=PIC18F452, F=INHX32, C=160, N=0, ST=OFF, MM=OFF, R=DEC, X=ON
               00011         #include p18f452.inc
               00001         LIST
               00002 ; P18F452.INC  Standard Header File, Version 1.4   Microchip Technology, Inc.
               00983         LIST
300000 FAFF    00012         __CONFIG  _CONFIG1H, _HS_OSC_1H  ;HS oscillator
               00013         __CONFIG  _CONFIG2L, _PWRT_ON_2L & _BOR_ON_2L & _BORV_42_2L  ;Reset
300002 FEF6    00014         __CONFIG  _CONFIG2H, _WDT_OFF_2H  ;Watchdog timer disabled
300004 FFFF    00015         __CONFIG  _CONFIG3H, _CCP2MX_ON_3H  ;CCP2 to RC1 (rather than to RB3)
300006 FFFB    00016         __CONFIG  _CONFIG4L, _LVP_OFF_4L  ;RB5 enabled for I/O
               00017 
               00018 ;;;;;;; Variables ;;;;;;;;;;;;;;;;;;;;;;;;;;;;;;;;;;;;;;;;;;;;;;;;;;;;;;;;;;;;;
               00019 
               00020                         cblock  0x000           ;Beginning of Access RAM
               00021                         temp
               00022                         endc
               00023 
               00024 ;;;;;;; Macro definitions ;;;;;;;;;;;;;;;;;;;;;;;;;;;;;;;;;;;;;;;;;;;;;;;;;;;;;
               00025 
               00026 ;;;;;;; Vectors ;;;;;;;;;;;;;;;;;;;;;;;;;;;;;;;;;;;;;;;;;;;;;;;;;;;;;;;;;;;;;;;
               00027 
               00028 
0000           00029         org  0x0000             ;Reset vector
0000 0000      00030         nop
0002 EF0E F000 00031         goto  Mainline
               00032 
0008           00033         org  0x0008             ;High priority interrupt vector
0008 EF04 F000 00034         goto  $                 ;Trap
               00035 
0018           00036         org  0x0018             ;Low priority interrupt vector
0018 EF0C F000 00037         goto  $                 ;Trap
               00038 
               00039 ;;;;;;; Mainline program ;;;;;;;;;;;;;;;;;;;;;;;;;;;;;;;;;;;;;;;;;;;;;;;;;;;;;;
               00040 
001C 00041 Mainline
               00042 
               00043                 ;movlw          3
               00044                 ;movwf          temp
               00045                 ;addwf          temp, w
               00046                 ;movlw          0
               00047                 ;movwf          temp
               00048                 ;addwf          temp, w
001C 0E35      00049                 movlw           0x35
001E 6E00      00050                 movwf           temp
0020 0ECA      00051                 movlw           0xca
0022 1000      00052                 iorwf           temp, w
0024 0E2B      00053                 movlw           0x2b
0026 6E00      00054                 movwf           temp
0028 0ED4      00055                 movlw           0xd4
002A 1200      00056                 iorwf           temp, f
               00057                 
               00058 
002C EF16 F000 00059 stop            goto            stop
               00060 


Errors   :       0
Warnings :       0 reported,       0 suppressed
Messages :       0 reported,       0 suppressed

