gpasm-0.13.7 beta               bz.asm      3-9-2015  08:09:53           PAGE  1


LOC  OBJECT CODE     LINE SOURCE TEXT
  VALUE
 
               00001 ;;;;;;; bz.asm ;;;;;;;;;;;;;;;;;;;;;;;;;;;;;;;;;;;;;;;;;;;;;;;;
               00002 ;
               00003 ;This program tests the bz instruction according to the examples in the
               00004 ;pic18 user manual. Bz branches to the specified label if the status register
               00005 ;Z bit is set.
               00006 ;
               00007 ;;;;;;; Program hierarchy ;;;;;;;;;;;;;;;;;;;;;;;;;;;;;;;;;;;;;;;;;;;;;;;;;;;;;
               00008 ;
               00009 ; Mainline
               00010 ;  
               00011 ;
               00012 ;;;;;;; Assembler directives ;;;;;;;;;;;;;;;;;;;;;;;;;;;;;;;;;;;;;;;;;;;;;;;;;;
               00013 
               00014         #include p18f452.inc
               00001         LIST
               00002 ; P18F452.INC  Standard Header File, Version 1.4   Microchip Technology, Inc.
               00983         LIST
               00015         list  P=PIC18F452, F=INHX32, C=160, N=0, ST=OFF, MM=OFF, R=DEC, X=ON
               00016 
               00017 ;;;;;;; Variables ;;;;;;;;;;;;;;;;;;;;;;;;;;;;;;;;;;;;;;;;;;;;;;;;;;;;;;;;;;;;;
               00018 
               00019         cblock  0x000           ;Beginning of Access RAM
               00020 
               00021         endc
               00022 
               00023 ;;;;;;; Macro definitions ;;;;;;;;;;;;;;;;;;;;;;;;;;;;;;;;;;;;;;;;;;;;;;;;;;;;;
               00024 
               00025 ;;;;;;; Vectors ;;;;;;;;;;;;;;;;;;;;;;;;;;;;;;;;;;;;;;;;;;;;;;;;;;;;;;;;;;;;;;;
               00026 
               00027 
0000           00028         org  0x0000             ;Reset vector
0000 0000      00029         nop
0002 EF0E F000 00030         goto  Mainline
               00031 
0008           00032         org  0x0008             ;High priority interrupt vector
0008 EF04 F000 00033         goto  $                 ;Trap
               00034 
0018           00035         org  0x0018             ;Low priority interrupt vector
0018 EF0C F000 00036         goto  $                 ;Trap
               00037 
               00038 ;;;;;;; Mainline program ;;;;;;;;;;;;;;;;;;;;;;;;;;;;;;;;;;;;;;;;;;;;;;;;;;;;;;
               00039 
001C 00040 Mainline
               00041 ;Example 1:
               00042 ;Case 1:
               00043 
001C 94D8      00044                 bcf     STATUS, 2       ;Clear zero bit in status register
001E E004      00045 HERE            bz      Z_CODE          ;If zero bit is set, branch to label Z_CODE
0020 0000      00046 NOT_Z           nop                     ;
0022 0000      00047                 nop                     ;
0024 EF18 F000 00048                 goto    MORE_CODE       ;Since zero bit was not set, execute this MORE_CODE
0028 74D8      00049 Z_CODE          btg     STATUS, 2
002A 0000      00050                 nop
002C EF1B F000 00051                 goto    HERE2
0030 84D8      00052 MORE_CODE       bsf     STATUS, 2       ;Set zero bit in status register
0032 EF0F F000 00053                 goto    HERE            ;Go back to label HERE, this time with zero bit set
               00054 
               00055 ;Examples 2, 3:
               00056 ;Cases 1, 2:
               00057         
  0000000A     00058 OFFSET  equ     10                      ;Set constant OFFSET to 10
0036 E004      00059 HERE2           bz      $ + OFFSET      ;If zero bit set, branch to HERE2 + OFFSET
0038 74D8      00060                 btg     STATUS, 2       ;Toggle zero bit in status register
003A 0000      00061 NO_Z            nop
003C EF1B F000 00062                 goto    HERE2           ;Go to label HERE2
0040 74D8      00063                 btg     STATUS, 2       ;Branches here after $ + OFFSET since OFFSET is 10
               00064                                         ;and zero bit is set.
0042 0000      00065                 nop                     
0044 0000      00066                 nop                     
0046 0000      00067                 nop
0048 0000      00068                 nop
004A 74D8      00069                 btg     STATUS, 2
004C E0FA      00070 HERE3           bz      $ - OFFSET      ;If zero bit set, branch to HERE3 - OFFSET
               00071 
004E EF27 F000 00072 stop            goto            stop
               00073 


Errors   :       0
Warnings :       0 reported,       0 suppressed
Messages :       0 reported,       0 suppressed

