gpasm-0.13.7 beta               rlcf.asm    3-10-2015  17:01:35          PAGE  1


LOC  OBJECT CODE     LINE SOURCE TEXT
  VALUE
 
               00001 ;;;;;;; rlcf.asm ;;;;;;;;;;;;;;;;;;;;;;;;;;;;;;;;;;;;;;;;;;;;;;;;
               00002 ;
               00003 ;This program tests operation of rlcf according to examples in the PIC18 user
               00004 ;manual. Rlcf rotates the contents of register f through the carry bit.
               00005 ;
               00006 ;;;;;;; Program hierarchy ;;;;;;;;;;;;;;;;;;;;;;;;;;;;;;;;;;;;;;;;;;;;;;;;;;;;;
               00007 ;
               00008 ; Mainline
               00009 ;  
               00010 ;
               00011 ;;;;;;; Assembler directives ;;;;;;;;;;;;;;;;;;;;;;;;;;;;;;;;;;;;;;;;;;;;;;;;;;
               00012 
               00013         list  P=PIC18F452, F=INHX32, C=160, N=0, ST=OFF, MM=OFF, R=DEC, X=ON
               00014         #include p18f452.inc
               00001         LIST
               00002 ; P18F452.INC  Standard Header File, Version 1.4   Microchip Technology, Inc.
               00983         LIST
               00015 
               00016 ;;;;;;; Variables ;;;;;;;;;;;;;;;;;;;;;;;;;;;;;;;;;;;;;;;;;;;;;;;;;;;;;;;;;;;;;
               00017 
               00018         cblock  0x000           ;Beginning of Access RAM
               00019         REG1
               00020         endc
               00021 
               00022 ;;;;;;; Macro definitions ;;;;;;;;;;;;;;;;;;;;;;;;;;;;;;;;;;;;;;;;;;;;;;;;;;;;;
               00023 
               00024 ;;;;;;; Vectors ;;;;;;;;;;;;;;;;;;;;;;;;;;;;;;;;;;;;;;;;;;;;;;;;;;;;;;;;;;;;;;;
               00025 
               00026 
0000           00027         org  0x0000             ;Reset vector
0000 0000      00028         nop
0002 EF0E F000 00029         goto  Mainline
               00030 
0008           00031         org  0x0008             ;High priority interrupt vector
0008 EF04 F000 00032         goto  $                 ;Trap
               00033 
0018           00034         org  0x0018             ;Low priority interrupt vector
0018 EF0C F000 00035         goto  $                 ;Trap
               00036 
               00037 ;;;;;;; Mainline program ;;;;;;;;;;;;;;;;;;;;;;;;;;;;;;;;;;;;;;;;;;;;;;;;;;;;;;
               00038 
001C 00039 Mainline
               00040 ;Example 1:
               00041         
001C 0101      00042         movlb   0x01            ;Select bank 1 for banked addressing
001E 0EE6      00043         movlw   0xe6            ;Place 0xe6 in wreg
0020 6F00      00044         movwf   REG1, 1         ;Copy wreg to REG1
0022 3500      00045         rlcf    REG1, 0, 1      ;Using banked addressing, rotate left through carry
               00046                                 ;REG1, place result in wreg
               00047 
               00048 ;Example 2:
               00049 ;Case 1:
               00050         
0024 EE00 F0C2 00051         lfsr    0, 0x0c2        ;Place 0x0c2 in FSR0
0028 0E3A      00052         movlw   0x3a            ;Place 0x3a in wreg
002A 6EEF      00053         movwf   INDF0           ;Copy wreg to register at address pointed to by FSR0
002C 80D8      00054         bsf     STATUS, 0       ;Set carry bit in status register
002E 37EF      00055         rlcf    INDF0, 1, 1     ;Rotate left through carry value in register pointed to
               00056                                 ;by FSR0, place result back in register, carry bit is 
               00057                                 ;loaded into bit 0
               00058 
               00059 ;Case 2:
               00060         
0030 0EB9      00061         movlw   0xb9            ;Place 0xb9 into wreg
0032 6EEF      00062         movwf   INDF0           ;Copy wreg to register at address pointed to by FSR0
0034 37EF      00063         rlcf    INDF0, 1, 1     ;Rotate left through carry value in register pointed to
               00064                                 ;by FSR0, place result back in register, carry bit is 
               00065                                 ;loaded into bit 0
               00066 
0036 EF1B F000 00067 stop    goto    stop
               00068 


Errors   :       0
Warnings :       0 reported,       0 suppressed
Messages :       0 reported,       0 suppressed

