gpasm-0.13.7 beta               movwf.asm   2-21-2015  14:48:28          PAGE  1


LOC  OBJECT CODE     LINE SOURCE TEXT
  VALUE
 
               00001 ;;;;;;; movwf.asm ;;;;;;;;;;;;;;;;;;;;;;;;;;;;;;;;;;;;;;;;;;;;;;;;
               00002 ;
               00003 ;This program tests the operation of the movwf command by implementing the
               00004 ;test conditions for the examples shown on page 745 of the manual.
               00005 ;
               00006 ;;;;;;; Program hierarchy ;;;;;;;;;;;;;;;;;;;;;;;;;;;;;;;;;;;;;;;;;;;;;;;;;;;;;
               00007 ;
               00008 ; Mainline
               00009 ;  
               00010 ;
               00011 ;;;;;;; Assembler directives ;;;;;;;;;;;;;;;;;;;;;;;;;;;;;;;;;;;;;;;;;;;;;;;;;;
               00012 
               00013         #include p18f452.inc
               00001         LIST
               00002 ; P18F452.INC  Standard Header File, Version 1.4   Microchip Technology, Inc.
               00983         LIST
               00014         list  P=PIC18F452, F=INHX32, C=160, N=0, ST=OFF, MM=OFF, R=DEC, X=ON
               00015 
               00016 ;;;;;;; Variables ;;;;;;;;;;;;;;;;;;;;;;;;;;;;;;;;;;;;;;;;;;;;;;;;;;;;;;;;;;;;;
               00017 
               00018         cblock  0x000           ;Beginning of Access RAM
               00019         OPTION_REG
               00020         endc
               00021 
               00022 ;       cblock  0x100           ;Beginning of 0x100 block, just above Access Ram
               00023 ;       OPTION_REG
               00024 ;       endc    
               00025 
               00026 ;;;;;;; Macro definitions ;;;;;;;;;;;;;;;;;;;;;;;;;;;;;;;;;;;;;;;;;;;;;;;;;;;;;
               00027 
               00028 ;;;;;;; Vectors ;;;;;;;;;;;;;;;;;;;;;;;;;;;;;;;;;;;;;;;;;;;;;;;;;;;;;;;;;;;;;;;
               00029 
               00030 
0000           00031         org  0x0000             ;Reset vector
0000 0000      00032         nop
0002 EF0E F000 00033         goto  Mainline
               00034 
0008           00035         org  0x0008             ;High priority interrupt vector
0008 EF04 F000 00036         goto  $                 ;Trap
               00037 
0018           00038         org  0x0018             ;Low priority interrupt vector
0018 EF0C F000 00039         goto  $                 ;Trap
               00040 
               00041 ;;;;;;;;;;;;;;;;;;;;;;;;;;;;;;;;;;;;;;;;;;;;;;;;;;;;;;;;;;;;;;;;;;;;;;;;;;;;;;;
               00042 ;See manual chapter 31 for more detail on individual instructions
               00043 ;Syntax:        movwf   f, a            (register, bank select)
               00044 ;               movlw   k               (literal)
               00045 ;               movlb   k               (literal)
               00046 ;               lfsr    f, k            (f in {0, 1, 2}, literal)
               00047 ;;;;;;;;;;;;;;;;;;;;;;;;;;;;;;;;;;;;;;;;;;;;;;;;;;;;;;;;;;;;;;;;;;;;;;;;;;;;;;;
001C 00048 Mainline
               00049         
               00050 ;Example 1:
               00051 
001C 0101      00052         movlb   1
001E 0EFF      00053         movlw   0xff
0020 6F00      00054         movwf   0x00, 1
0022 0E4F      00055         movlw   0x4f
0024 6F00      00056         movwf   OPTION_REG, 1
               00057 
               00058 ;Example 2:
               00059 
0026 0E17      00060         movlw   0x17
0028 EE05 F0C2 00061         lfsr    0, 0x5c2
002C 6FEF      00062         movwf   INDF0, 1
               00063         
               00064 
               00065 
               00066 
               00067 
               00068 
               00069 
               00070 
002E EF17 F000 00071 stop    goto            stop
               00072 


Errors   :       0
Warnings :       0 reported,       0 suppressed
Messages :       0 reported,       0 suppressed

