gpasm-0.13.7 beta               tstfsz.asm  3-11-2015  12:55:32          PAGE  1


LOC  OBJECT CODE     LINE SOURCE TEXT
  VALUE
 
               00001 ;;;;;;; tstfsz.asm ;;;;;;;;;;;;;;;;;;;;;;;;;;;;;;;;;;;;;;;;;;;;;;;;
               00002 ;
               00003 ;This program tests operation of tstfsz according to the examples in the 
               00004 ;pic18 user manual. Tstfsz tests the contents of register f and skips the 
               00005 ;next instruction if contents = 0. 
               00006 ;
               00007 ;;;;;;; Program hierarchy ;;;;;;;;;;;;;;;;;;;;;;;;;;;;;;;;;;;;;;;;;;;;;;;;;;;;;
               00008 ;
               00009 ; Mainline
               00010 ;  
               00011 ;
               00012 ;;;;;;; Assembler directives ;;;;;;;;;;;;;;;;;;;;;;;;;;;;;;;;;;;;;;;;;;;;;;;;;;
               00013 
               00014         list  P=PIC18F452, F=INHX32, C=160, N=0, ST=OFF, MM=OFF, R=DEC, X=ON
               00015         #include p18f452.inc
               00001         LIST
               00002 ; P18F452.INC  Standard Header File, Version 1.4   Microchip Technology, Inc.
               00983         LIST
               00016 
               00017 ;;;;;;; Variables ;;;;;;;;;;;;;;;;;;;;;;;;;;;;;;;;;;;;;;;;;;;;;;;;;;;;;;;;;;;;;
               00018 
               00019         cblock  0x000           ;Beginning of Access RAM
               00020         REG1
               00021         endc
               00022 
               00023 ;;;;;;; Macro definitions ;;;;;;;;;;;;;;;;;;;;;;;;;;;;;;;;;;;;;;;;;;;;;;;;;;;;;
               00024 
               00025 ;;;;;;; Vectors ;;;;;;;;;;;;;;;;;;;;;;;;;;;;;;;;;;;;;;;;;;;;;;;;;;;;;;;;;;;;;;;
               00026 
               00027 
0000           00028         org  0x0000             ;Reset vector
0000 0000      00029         nop
0002 EF0E F000 00030         goto  Mainline
               00031 
0008           00032         org  0x0008             ;High priority interrupt vector
0008 EF04 F000 00033         goto  $                 ;Trap
               00034 
0018           00035         org  0x0018             ;Low priority interrupt vector
0018 EF0C F000 00036         goto  $                 ;Trap
               00037 
               00038 ;;;;;;; Mainline program ;;;;;;;;;;;;;;;;;;;;;;;;;;;;;;;;;;;;;;;;;;;;;;;;;;;;;;
               00039 
001C 00040 Mainline
               00041 
               00042 ;Example 1A, 2:
               00043 
001C 0EAF      00044                 movlw   0xaf            ;Place 0xaf in wreg
001E 6E00      00045                 movwf   REG1            ;Copy wreg value into REG1
0020 6600      00046 HERE            tstfsz  REG1            ;Test register f, if zero skip next instruction
0022 EF15 F000 00047 NZERO           goto    PROCESS_CODE
0026 EF1A F000 00048 ZERO            goto    stop
               00049 
               00050 
002A 0000      00051 PROCESS_CODE    nop                     ;Came to PROCESS_CODE since value in f is not 0
002C 0E00      00052                 movlw   0x00            ;Place 0x00 in wreg
002E 6E00      00053                 movwf   REG1            ;Copy wreg value into REG1
0030 EF10 F000 00054                 goto    HERE
               00055 
               00056 
0034 EF1A F000 00057 stop    goto    stop
               00058 


Errors   :       0
Warnings :       0 reported,       0 suppressed
Messages :       0 reported,       0 suppressed

