gpasm-0.13.7 beta               decfsz.asm  2-10-2015  17:42:48          PAGE  1


LOC  OBJECT CODE     LINE SOURCE TEXT
  VALUE
 
               00001 ;;;;;;; templateExample.asm ;;;;;;;;;;;;;;;;;;;;;;;;;;;;;;;;;;;;;;;;;;;;;;;;
               00002 ;
               00003 ;;;;;;; Program hierarchy ;;;;;;;;;;;;;;;;;;;;;;;;;;;;;;;;;;;;;;;;;;;;;;;;;;;;;
               00004 ;
               00005 ; Mainline
               00006 ;  
               00007 ;
               00008 ;;;;;;; Assembler directives ;;;;;;;;;;;;;;;;;;;;;;;;;;;;;;;;;;;;;;;;;;;;;;;;;;
               00009 
               00010         #include p18f452.inc
               00001         LIST
               00002 ; P18F452.INC  Standard Header File, Version 1.4   Microchip Technology, Inc.
               00983         LIST
               00011         list  P=PIC18F452, F=INHX32, C=160, N=0, ST=OFF, MM=OFF, R=DEC, X=ON
               00012 
               00013 ;;;;;;; Variables ;;;;;;;;;;;;;;;;;;;;;;;;;;;;;;;;;;;;;;;;;;;;;;;;;;;;;;;;;;;;;
               00014 
               00015         cblock  0x000           ;Beginning of Access RAM
               00016         temp
               00017         endc
               00018 
               00019 ;;;;;;; Macro definitions ;;;;;;;;;;;;;;;;;;;;;;;;;;;;;;;;;;;;;;;;;;;;;;;;;;;;;
               00020 
               00021 ;;;;;;; Vectors ;;;;;;;;;;;;;;;;;;;;;;;;;;;;;;;;;;;;;;;;;;;;;;;;;;;;;;;;;;;;;;;
               00022 
               00023 
0000           00024         org  0x0000             ;Reset vector
0000 0000      00025         nop
0002 EF0E F000 00026         goto  Mainline
               00027 
0008           00028         org  0x0008             ;High priority interrupt vector
0008 EF04 F000 00029         goto  $                 ;Trap
               00030 
0018           00031         org  0x0018             ;Low priority interrupt vector
0018 EF0C F000 00032         goto  $                 ;Trap
               00033 
               00034 ;;;;;;; Mainline program ;;;;;;;;;;;;;;;;;;;;;;;;;;;;;;;;;;;;;;;;;;;;;;;;;;;;;;
               00035 
001C 00036 Mainline
001C 0E02      00037         movlw   2               ;Place 2 in wreg
001E 2CE8      00038 here    decfsz  WREG, w         ;Decrement wreg, result in wreg, skip next inst. if 0
0020 D7FE      00039         bra     here            ;Go to instruction at label "here"
0022 0E02      00040         movlw   2               ;Place 2 in wreg
0024 6E00      00041         movwf   temp            ;Place contents of wreg into register temp
0026 2E00      00042 there   decfsz  temp, f         ;decrement temp, result in temp, skip next inst. if 0
0028 D7FE      00043         bra     there           ;Go to instruction at label "there"
002A 0EF1      00044         movlw   241             ;Place 241 into wreg
               00045 
002C EF16 F000 00046 stop    goto            stop
               00047 


Errors   :       0
Warnings :       0 reported,       0 suppressed
Messages :       0 reported,       0 suppressed

